// Jest Snapshot v1, https://goo.gl/fbAQLP

exports[`component -> MasterHead should render correctly 1`] = `
<Segment
  className="masthead"
  inverted={true}
  textAlign="center"
  vertical={true}
>
  <Connect(HeaderMenu)
    inverted={true}
    items={
      Array [
        Object {
          "exact": true,
          "icon": "home",
          "inverted": true,
          "name": "Home",
          "path": "/",
        },
        Object {
          "exact": false,
          "icon": "info circle",
          "name": "About",
          "path": "#about",
        },
        Object {
          "exact": false,
          "icon": "newspaper",
          "name": "Resume",
          "path": "#resume",
        },
        Object {
          "exact": false,
          "icon": "newspaper",
          "name": "Portfolio",
          "path": "#portfolio",
        },
        Object {
          "exact": false,
          "icon": "newspaper",
          "name": "Contact",
          "path": "#contact",
        },
      ]
    }
    pathname="/"
    pointing={true}
    secondary={true}
    visible={true}
  />
  <Container
    text={true}
  >
    <Header
      as="h1"
      inverted={true}
    >
      Helmuth Saatkamp
    </Header>
    <Divider
      hidden={true}
    />
    <Header
      as="h2"
      inverted={true}
    >
      Web Developer
    </Header>
    <Button
      as="a"
      href="https://github.com/helmuthdu/resume/raw/master/public/docs/helmuth_saatkamp_resume_en.pdf"
      inverted={true}
      primary={true}
      size="large"
    >
      Download My CV
    </Button>
  </Container>
</Segment>
`;
