// Jest Snapshot v1, https://goo.gl/fbAQLP

exports[`component -> TagsCard should have on tag active 1`] = `
<Card>
  <CardContent>
    <CardHeader>
      Tags
    </CardHeader>
  </CardContent>
  <CardContent>
    <List>
      <ListItem
        as="a"
        key="tag01"
      >
        <ListIcon
          color="blue"
          name="tag"
        />
        <ListContent
          style={
            Object {
              "fontWeight": "700",
            }
          }
        >
          <LinkStub
            to="/blog/tags/tag01/"
          >
            tag01
             (
            2
            )
          </LinkStub>
        </ListContent>
      </ListItem>
      <ListItem
        as="a"
        key="tag02"
      >
        <ListIcon
          color={null}
          name="tag"
        />
        <ListContent
          style={null}
        >
          <LinkStub
            to="/blog/tags/tag02/"
          >
            tag02
             (
            4
            )
          </LinkStub>
        </ListContent>
      </ListItem>
      <ListItem
        as="a"
        key="tag03"
      >
        <ListIcon
          color={null}
          name="tag"
        />
        <ListContent
          style={null}
        >
          <LinkStub
            to="/blog/tags/tag03/"
          >
            tag03
             (
            6
            )
          </LinkStub>
        </ListContent>
      </ListItem>
    </List>
  </CardContent>
</Card>
`;
